// Jest Snapshot v1, https://goo.gl/fbAQLP

exports[`matches snapshot 1`] = `
<div
  className="App"
>
  <Layout>
    <Switch>
      <Route
        component={[Function]}
        path="/"
      />
    </Switch>
  </Layout>
</div>
`;
